// Jest Snapshot v1, https://goo.gl/fbAQLP

exports[`ErrorBoundary Component ErrorBoundary Test 1`] = `
<div>
  <div
    class="css-1d342t8"
  >
    <h1>
      Что-то пошло не так :(
    </h1>
    <div
      class="css-8428uh"
    >
      <h1>
        Что-то пошло не так :(
      </h1>
    </div>
  </div>
</div>
`;
